
Training V4 (temp annealing) for 500 epochs
Model: Non-causal, params=77,857, RF=8191
Temperature: 1.0 -> 100.0
 Epoch      Train        Val    Soft    Hard    Temp         LR   Time
------------------------------------------------------------------------
     1   0.226227   0.206387   +3.7dB   +1.1dB     1.0   1.00e-03  23.7s
       ^ new best (val_loss=0.206387)
     2   0.161310   0.171825   +4.4dB   +1.2dB     1.0   1.00e-03  22.4s
       ^ new best (val_loss=0.171825)
     3   0.147382   0.136238   +5.5dB   +1.4dB     1.0   1.00e-03  22.5s
       ^ new best (val_loss=0.136238)
     4   0.142714   0.139932   +5.3dB   +1.3dB     1.0   1.00e-03  22.4s
     5   0.131926   0.129838   +5.6dB   +1.5dB     1.0   1.00e-03  22.4s
       ^ new best (val_loss=0.129838)
     6   0.138992   0.126166   +5.8dB   +1.5dB     1.0   1.00e-03  22.5s
       ^ new best (val_loss=0.126166)
     7   0.124033   0.105581   +6.6dB   +1.7dB     1.0   1.00e-03  22.4s
       ^ new best (val_loss=0.105581)
     8   0.114791   0.115052   +6.2dB   +1.6dB     1.0   9.99e-04  22.4s
     9   0.116656   0.128611   +5.7dB   +1.9dB     1.0   9.99e-04  22.3s
    10   0.109576   0.097215   +6.9dB   +1.7dB     1.0   9.99e-04  22.5s
       ^ new best (val_loss=0.097215)
    11   0.102499   0.099942   +6.8dB   +1.7dB     1.0   9.99e-04  22.4s
    12   0.097221   0.095038   +7.0dB   +2.0dB     1.0   9.99e-04  22.4s
       ^ new best (val_loss=0.095038)
    13   0.096391   0.090848   +7.3dB   +1.8dB     1.0   9.98e-04  22.4s
       ^ new best (val_loss=0.090848)
    14   0.088363   0.089972   +7.2dB   +1.7dB     1.0   9.98e-04  22.4s
       ^ new best (val_loss=0.089972)
    15   0.090300   0.101229   +6.9dB   +1.6dB     1.0   9.98e-04  22.4s
    16   0.088830   0.080917   +7.6dB   +1.8dB     1.0   9.97e-04  22.4s
       ^ new best (val_loss=0.080917)
    17   0.085357   0.079995   +7.7dB   +1.9dB     1.0   9.97e-04  22.5s
       ^ new best (val_loss=0.079995)
    18   0.082482   0.089339   +7.2dB   +2.0dB     1.0   9.97e-04  22.4s
    19   0.088744   0.079794   +7.8dB   +2.1dB     1.0   9.96e-04  22.4s
       ^ new best (val_loss=0.079794)
    20   0.078588   0.078216   +8.0dB   +1.9dB     1.0   9.96e-04  22.3s
       ^ new best (val_loss=0.078216)
    21   0.077091   0.083616   +7.6dB   +1.9dB     1.0   9.96e-04  22.4s
    22   0.075448   0.074387   +8.2dB   +2.0dB     1.0   9.95e-04  22.4s
       ^ new best (val_loss=0.074387)
    23   0.075426   0.070606   +8.3dB   +2.0dB     1.0   9.95e-04  22.3s
       ^ new best (val_loss=0.070606)
    24   0.072771   0.070584   +8.2dB   +2.0dB     1.0   9.94e-04  22.4s
       ^ new best (val_loss=0.070584)
    25   0.068675   0.065521   +8.5dB   +2.0dB     1.0   9.94e-04  22.4s
       ^ new best (val_loss=0.065521)
    26   0.072506   0.066757   +8.6dB   +2.3dB     1.0   9.93e-04  22.5s
    27   0.070791   0.062764   +8.7dB   +2.1dB     1.0   9.93e-04  22.4s
       ^ new best (val_loss=0.062764)
    28   0.068522   0.068944   +8.4dB   +2.1dB     1.0   9.92e-04  22.5s
    29   0.064476   0.064914   +8.7dB   +2.1dB     1.0   9.92e-04  22.4s
    30   0.064920   0.060940   +9.0dB   +2.3dB     1.0   9.91e-04  22.4s
       ^ new best (val_loss=0.060940)
    31   0.064773   0.064365   +8.8dB   +2.2dB     1.0   9.91e-04  22.4s
    32   0.063090   0.059563   +9.1dB   +2.2dB     1.0   9.90e-04  22.4s
       ^ new best (val_loss=0.059563)
    33   0.062893   0.058631   +9.1dB   +2.1dB     1.0   9.89e-04  22.5s
       ^ new best (val_loss=0.058631)
    34   0.064144   0.060002   +9.1dB   +2.2dB     1.0   9.89e-04  22.4s
    35   0.061432   0.058787   +9.1dB   +2.2dB     1.0   9.88e-04  22.3s
    36   0.059956   0.061871   +8.8dB   +1.9dB     1.0   9.87e-04  22.4s
    37   0.059287   0.063831   +8.8dB   +2.1dB     1.0   9.87e-04  22.3s
    38   0.058576   0.054675   +9.4dB   +2.3dB     1.0   9.86e-04  22.4s
       ^ new best (val_loss=0.054675)
    39   0.057713   0.056005   +9.5dB   +2.3dB     1.0   9.85e-04  22.3s
    40   0.059054   0.058996   +9.2dB   +2.1dB     1.0   9.84e-04  22.3s
    41   0.057535   0.060130   +9.0dB   +2.2dB     1.0   9.84e-04  22.4s
    42   0.055524   0.055031   +9.4dB   +2.3dB     1.0   9.83e-04  22.5s
    43   0.055838   0.055324   +9.4dB   +2.3dB     1.0   9.82e-04  22.2s
    44   0.056106   0.051651   +9.5dB   +2.4dB     1.0   9.81e-04  22.4s
       ^ new best (val_loss=0.051651)
    45   0.055342   0.054781   +9.4dB   +2.3dB     1.0   9.80e-04  22.8s
    46   0.056844   0.055382   +9.2dB   +2.3dB     1.0   9.79e-04  21.7s
    47   0.054866   0.054221   +9.3dB   +2.3dB     1.0   9.78e-04  21.6s
    48   0.055217   0.055704   +9.3dB   +1.9dB     1.0   9.77e-04  21.7s
    49   0.055300   0.058146   +9.3dB   +2.5dB     1.0   9.77e-04  21.7s
    50   0.054137   0.056477   +9.4dB   +2.3dB     1.0   9.76e-04  21.7s
    51   0.054974   0.057044   +9.3dB   +2.3dB     1.0   9.75e-04  21.6s
    52   0.053732   0.048944   +9.8dB   +2.2dB     1.0   9.74e-04  21.7s
       ^ new best (val_loss=0.048944)
    53   0.053260   0.055083   +9.2dB   +2.4dB     1.0   9.73e-04  21.7s
    54   0.053943   0.050307   +9.8dB   +2.5dB     1.0   9.72e-04  21.7s
    55   0.055054   0.050767   +9.6dB   +2.3dB     1.0   9.70e-04  21.6s
    56   0.051376   0.054978   +9.4dB   +2.4dB     1.1   9.69e-04  21.7s
    57   0.051627   0.052409   +9.7dB   +2.6dB     1.1   9.68e-04  21.7s
    58   0.053879   0.054021   +9.5dB   +2.3dB     1.1   9.67e-04  21.7s
    59   0.053620   0.053957   +9.7dB   +2.3dB     1.1   9.66e-04  21.6s
    60   0.050790   0.053563   +9.6dB   +2.4dB     1.1   9.65e-04  21.7s
    61   0.052468   0.051148   +9.7dB   +2.6dB     1.1   9.64e-04  21.7s
    62   0.049238   0.052844   +9.6dB   +2.6dB     1.1   9.63e-04  21.7s
    63   0.052100   0.055081   +9.4dB   +2.4dB     1.1   9.61e-04  21.6s
    64   0.050492   0.049968   +9.8dB   +2.5dB     1.2   9.60e-04  21.7s
    65   0.052619   0.051918   +9.6dB   +2.6dB     1.2   9.59e-04  21.6s
    66   0.050463   0.050232   +9.7dB   +2.7dB     1.2   9.58e-04  21.7s
    67   0.052209   0.053137   +9.7dB   +2.5dB     1.2   9.56e-04  21.6s
    68   0.051003   0.051546   +9.7dB   +2.4dB     1.2   9.55e-04  21.7s
    69   0.048053   0.049022   +9.9dB   +2.5dB     1.2   9.54e-04  21.7s
    70   0.052546   0.054648   +9.4dB   +2.4dB     1.2   9.52e-04  21.6s
    71   0.053163   0.049224   +9.8dB   +2.5dB     1.3   9.51e-04  21.7s
    72   0.050161   0.053688   +9.8dB   +2.5dB     1.3   9.50e-04  21.7s
    73   0.049545   0.048972   +9.7dB   +2.6dB     1.3   9.48e-04  21.7s
    74   0.050226   0.054260   +9.6dB   +2.4dB     1.3   9.47e-04  21.6s
    75   0.050851   0.052636   +9.7dB   +2.5dB     1.3   9.46e-04  21.7s
    76   0.051137   0.051155   +9.7dB   +2.6dB     1.3   9.44e-04  21.7s
    77   0.053305   0.050949   +9.8dB   +2.7dB     1.3   9.43e-04  21.7s
    78   0.050107   0.052727   +9.5dB   +2.5dB     1.4   9.41e-04  21.6s
    79   0.051741   0.052305   +9.6dB   +2.6dB     1.4   9.40e-04  21.7s
    80   0.051359   0.053984   +9.5dB   +2.5dB     1.4   9.38e-04  21.7s
    81   0.049718   0.051508   +9.8dB   +2.6dB     1.4   9.37e-04  21.7s
    82   0.051845   0.047601   +9.9dB   +2.6dB     1.4   9.35e-04  21.6s
       ^ new best (val_loss=0.047601)
    83   0.050906   0.052234   +9.7dB   +2.5dB     1.4   9.34e-04  21.7s
    84   0.051929   0.052902   +9.6dB   +2.5dB     1.5   9.32e-04  21.7s
    85   0.050325   0.048474   +9.9dB   +2.4dB     1.5   9.30e-04  21.7s
    86   0.052581   0.048362   +9.9dB   +2.5dB     1.5   9.29e-04  21.6s
    87   0.053181   0.049860   +9.9dB   +2.6dB     1.5   9.27e-04  21.7s
    88   0.050840   0.050393   +9.7dB   +2.5dB     1.5   9.26e-04  21.6s
    89   0.048425   0.054098   +9.7dB   +2.5dB     1.5   9.24e-04  21.7s
    90   0.051195   0.048081  +10.0dB   +2.7dB     1.6   9.22e-04  21.6s
    91   0.049366   0.051385   +9.9dB   +2.6dB     1.6   9.21e-04  21.7s
    92   0.049302   0.051367   +9.8dB   +2.6dB     1.6   9.19e-04  21.7s
    93   0.050357   0.053149   +9.7dB   +2.5dB     1.6   9.17e-04  21.7s
    94   0.050680   0.050099   +9.8dB   +2.6dB     1.6   9.15e-04  21.7s
    95   0.052068   0.053718   +9.6dB   +2.5dB     1.7   9.14e-04  21.6s
    96   0.051703   0.042884  +10.4dB   +2.8dB     1.7   9.12e-04  21.7s
       ^ new best (val_loss=0.042884)
    97   0.050454   0.051805   +9.7dB   +2.6dB     1.7   9.10e-04  21.6s
    98   0.048218   0.052851   +9.6dB   +2.6dB     1.7   9.08e-04  21.7s
    99   0.052644   0.049321   +9.8dB   +2.5dB     1.7   9.06e-04  21.7s
   100   0.050614   0.046864  +10.1dB   +2.9dB     1.8   9.05e-04  21.7s
   101   0.050864   0.052515   +9.7dB   +2.5dB     1.8   9.03e-04  21.6s
   102   0.048801   0.049308   +9.9dB   +2.5dB     1.8   9.01e-04  21.7s
   103   0.050353   0.047269   +9.9dB   +2.6dB     1.8   8.99e-04  21.7s
   104   0.052612   0.046182  +10.0dB   +2.7dB     1.8   8.97e-04  21.7s
   105   0.050216   0.048290  +10.0dB   +2.5dB     1.9   8.95e-04  21.6s
   106   0.050946   0.054893   +9.6dB   +2.5dB     1.9   8.93e-04  21.7s
   107   0.050700   0.052669   +9.7dB   +2.6dB     1.9   8.91e-04  21.7s
   108   0.049946   0.046546  +10.1dB   +2.6dB     1.9   8.89e-04  21.6s
   109   0.051028   0.048834   +9.9dB   +2.7dB     1.9   8.87e-04  21.7s
   110   0.050400   0.051904   +9.7dB   +2.4dB     2.0   8.85e-04  21.7s
   111   0.051010   0.048562  +10.1dB   +2.7dB     2.0   8.83e-04  21.7s
   112   0.051234   0.051125   +9.7dB   +2.4dB     2.0   8.81e-04  21.7s
   113   0.049202   0.047558  +10.0dB   +2.7dB     2.0   8.79e-04  21.6s
   114   0.049703   0.052738   +9.8dB   +2.4dB     2.1   8.77e-04  21.7s
   115   0.049934   0.052632   +9.7dB   +2.4dB     2.1   8.75e-04  21.7s
   116   0.050003   0.049165   +9.9dB   +2.6dB     2.1   8.73e-04  21.6s
   117   0.051120   0.051587   +9.7dB   +2.5dB     2.1   8.71e-04  21.7s
   118   0.051129   0.049366   +9.8dB   +2.6dB     2.2   8.69e-04  21.7s
   119   0.051069   0.052429   +9.6dB   +2.4dB     2.2   8.67e-04  21.7s
   120   0.050209   0.048161  +10.0dB   +2.6dB     2.2   8.65e-04  21.6s
   121   0.048664   0.052953   +9.7dB   +2.3dB     2.2   8.62e-04  21.7s
   122   0.050099   0.050347   +9.8dB   +2.6dB     2.3   8.60e-04  21.7s
   123   0.052247   0.048982   +9.9dB   +2.5dB     2.3   8.58e-04  21.7s
   124   0.046726   0.048591   +9.9dB   +2.8dB     2.3   8.56e-04  21.8s
   125   0.050020   0.049768   +9.8dB   +2.5dB     2.3   8.54e-04  21.7s
   126   0.050655   0.049536   +9.9dB   +2.7dB     2.4   8.51e-04  21.7s
   127   0.050391   0.050193   +9.8dB   +2.4dB     2.4   8.49e-04  21.7s
   128   0.050502   0.046529  +10.1dB   +2.6dB     2.4   8.47e-04  21.6s
   129   0.048968   0.049658   +9.9dB   +2.6dB     2.5   8.45e-04  21.7s
   130   0.052189   0.048029  +10.0dB   +2.6dB     2.5   8.42e-04  21.7s
   131   0.049061   0.049585   +9.8dB   +2.5dB     2.5   8.40e-04  21.7s
   132   0.049898   0.050858   +9.8dB   +2.6dB     2.5   8.38e-04  21.6s
   133   0.050823   0.051848   +9.6dB   +2.5dB     2.6   8.36e-04  21.7s
   134   0.051495   0.048668  +10.0dB   +2.8dB     2.6   8.33e-04  21.7s
   135   0.049218   0.050351   +9.8dB   +2.6dB     2.6   8.31e-04  21.6s
   136   0.049711   0.050726   +9.8dB   +2.4dB     2.7   8.28e-04  21.7s
   137   0.048571   0.049034  +10.0dB   +2.7dB     2.7   8.26e-04  21.7s
   138   0.050626   0.052658   +9.7dB   +2.5dB     2.7   8.24e-04  21.7s
   139   0.050730   0.046786  +10.0dB   +2.4dB     2.8   8.21e-04  21.6s
   140   0.050064   0.053167   +9.6dB   +2.5dB     2.8   8.19e-04  21.7s
   141   0.050209   0.047212  +10.0dB   +2.4dB     2.8   8.16e-04  21.7s
   142   0.051280   0.049895   +9.9dB   +2.7dB     2.9   8.14e-04  21.7s
   143   0.049163   0.047128  +10.0dB   +2.6dB     2.9   8.12e-04  21.6s
   144   0.049417   0.050902   +9.7dB   +2.5dB     2.9   8.09e-04  21.7s
   145   0.049679   0.047082  +10.0dB   +2.7dB     3.0   8.07e-04  21.7s
   146   0.051071   0.049195   +9.8dB   +2.7dB     3.0   8.04e-04  21.7s
   147   0.049311   0.046785  +10.1dB   +2.6dB     3.0   8.02e-04  21.7s
   148   0.049546   0.049720   +9.8dB   +2.5dB     3.1   7.99e-04  21.6s
   149   0.052698   0.050327   +9.7dB   +2.4dB     3.1   7.97e-04  21.7s
   150   0.049283   0.049141   +9.9dB   +2.8dB     3.1   7.94e-04  21.7s
   151   0.052037   0.050624   +9.9dB   +2.6dB     3.2   7.92e-04  21.6s
   152   0.048654   0.046567  +10.0dB   +2.5dB     3.2   7.89e-04  21.7s
   153   0.049996   0.051480   +9.8dB   +2.5dB     3.2   7.86e-04  21.7s
   154   0.047333   0.046359  +10.1dB   +2.7dB     3.3   7.84e-04  21.7s
   155   0.048733   0.050750   +9.8dB   +2.6dB     3.3   7.81e-04  21.6s
   156   0.049678   0.048686  +10.0dB   +2.6dB     3.3   7.79e-04  21.7s
   157   0.051025   0.047116  +10.1dB   +2.7dB     3.4   7.76e-04  21.7s
   158   0.049259   0.049647   +9.8dB   +2.5dB     3.4   7.73e-04  21.7s
   159   0.050197   0.049919   +9.9dB   +2.4dB     3.5   7.71e-04  21.6s
   160   0.051563   0.048372  +10.0dB   +2.6dB     3.5   7.68e-04  21.6s
   161   0.048463   0.049788   +9.8dB   +2.5dB     3.5   7.65e-04  21.7s
   162   0.050065   0.051206   +9.8dB   +2.5dB     3.6   7.63e-04  21.7s
   163   0.050928   0.046731  +10.2dB   +2.7dB     3.6   7.60e-04  21.6s
   164   0.051411   0.048434   +9.9dB   +2.7dB     3.7   7.57e-04  21.6s
   165   0.047070   0.053902   +9.4dB   +2.3dB     3.7   7.55e-04  21.7s
   166   0.050827   0.052197   +9.7dB   +2.6dB     3.8   7.52e-04  21.7s
   167   0.048783   0.051091   +9.8dB   +2.4dB     3.8   7.49e-04  21.6s
   168   0.049260   0.049979   +9.9dB   +2.6dB     3.8   7.47e-04  21.7s
   169   0.048601   0.048559  +10.0dB   +2.6dB     3.9   7.44e-04  21.7s
   170   0.051687   0.052775   +9.6dB   +2.3dB     3.9   7.41e-04  21.7s
   171   0.050569   0.050757   +9.8dB   +2.7dB     4.0   7.38e-04  21.6s
   172   0.051444   0.055096   +9.5dB   +2.5dB     4.0   7.36e-04  21.7s
   173   0.048754   0.048475  +10.1dB   +2.9dB     4.1   7.33e-04  21.7s
   174   0.048106   0.045665  +10.1dB   +2.8dB     4.1   7.30e-04  21.6s
   175   0.048161   0.044834  +10.1dB   +2.5dB     4.2   7.27e-04  21.7s
   176   0.047414   0.049478   +9.8dB   +2.6dB     4.2   7.24e-04  21.7s
   177   0.049151   0.051686   +9.7dB   +2.6dB     4.3   7.22e-04  21.7s
   178   0.048773   0.052488   +9.5dB   +2.4dB     4.3   7.19e-04  21.6s
   179   0.050885   0.048635  +10.0dB   +2.6dB     4.4   7.16e-04  21.7s
   180   0.051002   0.051314   +9.8dB   +2.6dB     4.4   7.13e-04  21.7s
   181   0.050354   0.045457  +10.1dB   +2.8dB     4.5   7.10e-04  21.7s
   182   0.049573   0.051389   +9.6dB   +2.4dB     4.5   7.07e-04  21.6s
   183   0.050210   0.050062   +9.8dB   +2.4dB     4.6   7.05e-04  21.7s
   184   0.047839   0.048824  +10.0dB   +2.8dB     4.6   7.02e-04  21.7s
   185   0.048889   0.048122   +9.8dB   +2.6dB     4.7   6.99e-04  21.7s
   186   0.047793   0.054657   +9.5dB   +2.3dB     4.7   6.96e-04  21.6s
   187   0.049286   0.046512  +10.0dB   +2.7dB     4.8   6.93e-04  21.7s
   188   0.048499   0.046056  +10.1dB   +2.7dB     4.8   6.90e-04  21.7s
   189   0.049095   0.054942   +9.6dB   +2.4dB     4.9   6.87e-04  21.7s
   190   0.051586   0.046933  +10.0dB   +2.6dB     5.0   6.84e-04  21.6s
   191   0.050831   0.051585   +9.8dB   +2.6dB     5.0   6.81e-04  21.7s
   192   0.050099   0.049910   +9.8dB   +2.5dB     5.1   6.79e-04  21.7s
   193   0.048734   0.050240   +9.9dB   +2.6dB     5.1   6.76e-04  21.6s
   194   0.051150   0.044815  +10.2dB   +2.8dB     5.2   6.73e-04  21.7s
   195   0.049663   0.056278   +9.3dB   +2.4dB     5.2   6.70e-04  21.7s
   196   0.047902   0.049256   +9.8dB   +2.6dB     5.3   6.67e-04  21.7s
   197   0.050264   0.047433  +10.1dB   +2.7dB     5.4   6.64e-04  21.6s
   198   0.050176   0.055042   +9.5dB   +2.7dB     5.4   6.61e-04  21.7s
   199   0.049773   0.053036   +9.6dB   +2.6dB     5.5   6.58e-04  21.7s
   200   0.047956   0.049375   +9.9dB   +2.4dB     5.6   6.55e-04  21.7s
   201   0.051363   0.050000   +9.8dB   +2.7dB     5.6   6.52e-04  21.6s
   202   0.048622   0.049603   +9.8dB   +2.7dB     5.7   6.49e-04  21.7s
   203   0.049011   0.049439   +9.8dB   +2.5dB     5.8   6.46e-04  21.7s
   204   0.049569   0.048225   +9.9dB   +2.6dB     5.8   6.43e-04  21.7s
   205   0.050559   0.043898  +10.4dB   +3.0dB     5.9   6.40e-04  21.6s
   206   0.050036   0.049285   +9.9dB   +2.6dB     6.0   6.37e-04  21.7s
   207   0.048438   0.050959   +9.7dB   +2.6dB     6.0   6.34e-04  21.7s
   208   0.049523   0.047857   +9.9dB   +2.6dB     6.1   6.31e-04  21.7s
   209   0.049205   0.049734   +9.9dB   +2.6dB     6.2   6.28e-04  21.6s
   210   0.048828   0.049683   +9.9dB   +2.5dB     6.2   6.25e-04  21.7s
   211   0.048851   0.047580  +10.0dB   +2.7dB     6.3   6.22e-04  21.7s
   212   0.048853   0.049888   +9.7dB   +2.7dB     6.4   6.19e-04  21.6s
   213   0.051271   0.052386   +9.7dB   +2.4dB     6.5   6.16e-04  21.7s
   214   0.048670   0.050793   +9.8dB   +2.4dB     6.5   6.13e-04  21.7s
   215   0.051108   0.051530   +9.6dB   +2.6dB     6.6   6.09e-04  21.7s
   216   0.051513   0.050509   +9.8dB   +2.6dB     6.7   6.06e-04  21.6s
   217   0.049421   0.049014  +10.0dB   +2.6dB     6.8   6.03e-04  21.7s
   218   0.051070   0.050778   +9.9dB   +2.6dB     6.8   6.00e-04  21.7s
   219   0.049970   0.047676   +9.9dB   +2.6dB     6.9   5.97e-04  21.7s
   220   0.049765   0.053161   +9.7dB   +2.4dB     7.0   5.94e-04  21.6s
   221   0.051585   0.049929   +9.8dB   +2.4dB     7.1   5.91e-04  21.7s
   222   0.049619   0.053526   +9.6dB   +2.4dB     7.2   5.88e-04  21.7s
   223   0.048910   0.051555   +9.8dB   +2.6dB     7.2   5.85e-04  21.6s
   224   0.050492   0.048169   +9.9dB   +2.6dB     7.3   5.82e-04  21.7s
   225   0.049697   0.044923  +10.3dB   +2.9dB     7.4   5.79e-04  21.7s
   226   0.050970   0.050136   +9.8dB   +2.6dB     7.5   5.76e-04  21.7s
   227   0.049112   0.050235   +9.7dB   +2.5dB     7.6   5.72e-04  21.7s
   228   0.051073   0.048955  +10.0dB   +2.8dB     7.7   5.69e-04  21.7s
   229   0.046902   0.049993   +9.9dB   +2.6dB     7.8   5.66e-04  21.7s
   230   0.047661   0.052930   +9.7dB   +2.5dB     7.9   5.63e-04  21.7s
   231   0.048739   0.049481   +9.9dB   +2.7dB     7.9   5.60e-04  21.6s
   232   0.050427   0.050062   +9.9dB   +2.5dB     8.0   5.57e-04  21.7s
   233   0.050898   0.052106   +9.8dB   +2.4dB     8.1   5.54e-04  21.7s
   234   0.048646   0.051039   +9.7dB   +2.6dB     8.2   5.51e-04  21.6s
   235   0.048737   0.051502   +9.8dB   +2.5dB     8.3   5.48e-04  21.7s
   236   0.048262   0.048959   +9.9dB   +2.7dB     8.4   5.44e-04  21.7s
   237   0.049157   0.046602  +10.2dB   +2.7dB     8.5   5.41e-04  21.7s
   238   0.049224   0.052344   +9.7dB   +2.6dB     8.6   5.38e-04  21.6s
   239   0.051625   0.047787   +9.9dB   +2.6dB     8.7   5.35e-04  21.6s
   240   0.048329   0.051904   +9.6dB   +2.6dB     8.8   5.32e-04  21.7s
   241   0.048903   0.052530   +9.5dB   +2.3dB     8.9   5.29e-04  21.7s
   242   0.049731   0.049433   +9.9dB   +2.7dB     9.0   5.26e-04  21.6s
   243   0.048562   0.049427   +9.9dB   +2.7dB     9.1   5.22e-04  21.7s
   244   0.049679   0.048878  +10.0dB   +2.8dB     9.2   5.19e-04  21.7s
   245   0.048493   0.051177   +9.8dB   +2.6dB     9.3   5.16e-04  21.7s
   246   0.050290   0.049559  +10.0dB   +2.7dB     9.4   5.13e-04  21.6s
   247   0.049156   0.044910  +10.3dB   +2.9dB     9.5   5.10e-04  21.7s
   248   0.049932   0.050188   +9.8dB   +2.6dB     9.7   5.07e-04  21.7s
   249   0.050362   0.053663   +9.6dB   +2.6dB     9.8   5.04e-04  21.7s
   250   0.048123   0.046333  +10.1dB   +2.6dB     9.9   5.00e-04  21.6s
   251   0.048427   0.051828   +9.9dB   +2.6dB    10.0   4.97e-04  21.7s
   252   0.050886   0.050176   +9.9dB   +2.5dB    10.1   4.94e-04  21.7s
   253   0.048522   0.049671   +9.8dB   +2.6dB    10.2   4.91e-04  21.7s
   254   0.049671   0.055471   +9.4dB   +2.6dB    10.4   4.88e-04  21.6s
   255   0.050319   0.047696  +10.1dB   +2.7dB    10.5   4.85e-04  21.7s
   256   0.047385   0.052067   +9.7dB   +2.5dB    10.6   4.82e-04  21.7s
   257   0.048511   0.049494   +9.9dB   +2.7dB    10.7   4.79e-04  21.6s
   258   0.049133   0.049525   +9.9dB   +2.5dB    10.8   4.75e-04  21.7s
   259   0.049284   0.048854   +9.8dB   +2.7dB    11.0   4.72e-04  21.6s
   260   0.048441   0.049224   +9.9dB   +2.6dB    11.1   4.69e-04  21.7s
   261   0.049654   0.049307  +10.0dB   +2.7dB    11.2   4.66e-04  21.6s
   262   0.050623   0.048121   +9.9dB   +2.6dB    11.4   4.63e-04  21.7s
   263   0.050623   0.051277   +9.7dB   +2.4dB    11.5   4.60e-04  21.6s
   264   0.051494   0.049058   +9.9dB   +2.4dB    11.6   4.57e-04  21.7s
   265   0.051667   0.051570   +9.7dB   +2.4dB    11.7   4.53e-04  21.6s
   266   0.047233   0.052710   +9.7dB   +2.7dB    11.9   4.50e-04  21.7s
   267   0.049967   0.050324  +10.0dB   +2.8dB    12.0   4.47e-04  21.6s
   268   0.048685   0.053484   +9.6dB   +2.5dB    12.2   4.44e-04  21.7s
   269   0.049348   0.049694   +9.8dB   +2.6dB    12.3   4.41e-04  21.6s
   270   0.050326   0.047065  +10.0dB   +2.7dB    12.4   4.38e-04  21.7s
   271   0.050408   0.050836   +9.8dB   +2.6dB    12.6   4.35e-04  21.6s
   272   0.049743   0.046860  +10.0dB   +2.6dB    12.7   4.32e-04  21.7s
   273   0.051780   0.048823   +9.9dB   +2.6dB    12.9   4.29e-04  21.6s
   274   0.047170   0.052784   +9.6dB   +2.4dB    13.0   4.25e-04  21.7s
   275   0.050061   0.051752   +9.7dB   +2.5dB    13.2   4.22e-04  21.6s
   276   0.048502   0.048876  +10.0dB   +2.7dB    13.3   4.19e-04  21.7s
   277   0.048988   0.051656   +9.8dB   +2.7dB    13.5   4.16e-04  21.6s
   278   0.048299   0.050750   +9.8dB   +2.6dB    13.6   4.13e-04  21.7s
   279   0.049249   0.046192  +10.1dB   +2.6dB    13.8   4.10e-04  21.6s
   280   0.047310   0.046625  +10.1dB   +2.7dB    14.0   4.07e-04  21.7s
   281   0.049975   0.051375   +9.7dB   +2.5dB    14.1   4.04e-04  21.6s
   282   0.048189   0.048182   +9.9dB   +2.5dB    14.3   4.01e-04  21.7s
   283   0.050318   0.049924  +10.0dB   +2.8dB    14.5   3.98e-04  21.6s
   284   0.051296   0.050548   +9.8dB   +2.5dB    14.6   3.95e-04  21.7s
   285   0.048654   0.046574  +10.1dB   +2.8dB    14.8   3.92e-04  21.6s
   286   0.051723   0.047071  +10.0dB   +2.7dB    15.0   3.88e-04  21.7s
   287   0.049249   0.051327   +9.7dB   +2.6dB    15.1   3.85e-04  21.7s
   288   0.049221   0.054697   +9.6dB   +2.4dB    15.3   3.82e-04  21.7s
   289   0.048700   0.050490   +9.8dB   +2.7dB    15.5   3.79e-04  21.6s
   290   0.051333   0.049858   +9.8dB   +2.6dB    15.7   3.76e-04  21.7s
   291   0.047579   0.049766   +9.9dB   +2.6dB    15.8   3.73e-04  21.7s
   292   0.051483   0.048768   +9.9dB   +2.8dB    16.0   3.70e-04  21.6s
   293   0.049149   0.051711   +9.8dB   +2.6dB    16.2   3.67e-04  21.6s
   294   0.048586   0.048663   +9.9dB   +2.8dB    16.4   3.64e-04  21.7s
   295   0.049280   0.049832   +9.8dB   +2.7dB    16.6   3.61e-04  21.7s
   296   0.051120   0.050838   +9.8dB   +2.5dB    16.8   3.58e-04  21.7s
   297   0.051359   0.046136  +10.2dB   +2.8dB    17.0   3.55e-04  21.6s
   298   0.049471   0.052570   +9.8dB   +2.5dB    17.2   3.52e-04  21.7s
   299   0.049174   0.050928   +9.8dB   +2.7dB    17.4   3.49e-04  21.7s
   300   0.049604   0.047736  +10.0dB   +2.7dB    17.6   3.46e-04  21.6s
   301   0.046485   0.047206  +10.1dB   +2.9dB    17.8   3.43e-04  21.7s
   302   0.048280   0.050375   +9.9dB   +2.4dB    18.0   3.40e-04  21.7s
   303   0.051243   0.046962  +10.0dB   +2.8dB    18.2   3.37e-04  21.7s
   304   0.048282   0.046041  +10.0dB   +2.6dB    18.4   3.34e-04  21.6s
   305   0.051237   0.049028   +9.9dB   +2.6dB    18.6   3.31e-04  21.7s
   306   0.047736   0.051952   +9.7dB   +2.4dB    18.8   3.28e-04  21.7s
   307   0.049250   0.047502  +10.0dB   +2.7dB    19.1   3.25e-04  21.7s
   308   0.048821   0.053003   +9.5dB   +2.5dB    19.3   3.22e-04  21.6s
   309   0.048048   0.049621   +9.9dB   +2.6dB    19.5   3.20e-04  21.7s
   310   0.049283   0.053014   +9.7dB   +2.3dB    19.7   3.17e-04  21.7s
   311   0.051139   0.051102   +9.8dB   +2.6dB    20.0   3.14e-04  21.7s
   312   0.051107   0.051287   +9.8dB   +2.6dB    20.2   3.11e-04  21.6s
   313   0.048062   0.049480   +9.9dB   +2.6dB    20.4   3.08e-04  21.7s
   314   0.050134   0.049855   +9.8dB   +2.6dB    20.7   3.05e-04  21.7s
   315   0.047405   0.047997   +9.8dB   +2.4dB    20.9   3.02e-04  21.6s
   316   0.049453   0.050320   +9.9dB   +2.6dB    21.1   2.99e-04  21.7s
   317   0.050706   0.051779   +9.7dB   +2.7dB    21.4   2.96e-04  21.7s
   318   0.049568   0.051400   +9.8dB   +2.6dB    21.6   2.94e-04  21.7s
   319   0.050932   0.052154   +9.7dB   +2.5dB    21.9   2.91e-04  21.6s
   320   0.049643   0.052589   +9.6dB   +2.5dB    22.1   2.88e-04  21.7s
   321   0.050924   0.053421   +9.6dB   +2.5dB    22.4   2.85e-04  21.7s
   322   0.049893   0.047956  +10.0dB   +2.7dB    22.6   2.82e-04  21.6s
   323   0.047406   0.048531  +10.0dB   +2.7dB    22.9   2.79e-04  21.7s
   324   0.048941   0.047061  +10.1dB   +2.6dB    23.2   2.77e-04  21.7s
   325   0.051169   0.050277   +9.8dB   +2.6dB    23.4   2.74e-04  21.7s
   326   0.049059   0.048990   +9.9dB   +2.4dB    23.7   2.71e-04  21.6s
   327   0.049526   0.052241   +9.8dB   +2.5dB    24.0   2.68e-04  21.7s
   328   0.050929   0.051495   +9.7dB   +2.5dB    24.3   2.65e-04  21.7s
   329   0.049860   0.046906  +10.0dB   +2.7dB    24.5   2.63e-04  21.7s
   330   0.050384   0.047672  +10.0dB   +2.8dB    24.8   2.60e-04  21.6s
   331   0.049192   0.047668   +9.9dB   +2.8dB    25.1   2.57e-04  21.7s
   332   0.050760   0.048072  +10.0dB   +2.7dB    25.4   2.54e-04  21.7s
   333   0.050524   0.051159   +9.8dB   +2.6dB    25.7   2.52e-04  21.6s
   334   0.049148   0.053341   +9.5dB   +2.4dB    26.0   2.49e-04  21.7s
   335   0.049931   0.049881   +9.9dB   +2.6dB    26.3   2.46e-04  21.7s
   336   0.048214   0.052805   +9.7dB   +2.6dB    26.6   2.44e-04  21.7s
   337   0.049290   0.051431   +9.7dB   +2.5dB    26.9   2.41e-04  21.6s
   338   0.046885   0.048727   +9.9dB   +2.6dB    27.2   2.38e-04  21.7s
   339   0.050030   0.048117  +10.0dB   +2.6dB    27.5   2.36e-04  21.7s
   340   0.047838   0.051018   +9.7dB   +2.5dB    27.9   2.33e-04  21.7s
   341   0.048167   0.050820   +9.8dB   +2.6dB    28.2   2.30e-04  21.6s
   342   0.047846   0.048767   +9.9dB   +2.6dB    28.5   2.28e-04  21.7s
   343   0.048628   0.047411  +10.0dB   +2.8dB    28.8   2.25e-04  21.7s
   344   0.049365   0.048166  +10.1dB   +2.7dB    29.2   2.22e-04  21.6s
   345   0.049332   0.050561   +9.9dB   +2.7dB    29.5   2.20e-04  21.7s
   346   0.047351   0.050673   +9.8dB   +2.7dB    29.9   2.17e-04  21.7s
   347   0.049210   0.048184   +9.9dB   +2.4dB    30.2   2.15e-04  21.7s
   348   0.048478   0.048961  +10.0dB   +2.7dB    30.5   2.12e-04  21.6s
   349   0.049623   0.046538  +10.1dB   +2.8dB    30.9   2.09e-04  21.7s
   350   0.049167   0.051414   +9.6dB   +2.6dB    31.3   2.07e-04  21.7s
   351   0.048578   0.047938  +10.1dB   +2.6dB    31.6   2.04e-04  21.7s
   352   0.050401   0.048445  +10.0dB   +2.7dB    32.0   2.02e-04  21.6s
   353   0.049315   0.052483   +9.6dB   +2.6dB    32.4   1.99e-04  21.7s
   354   0.050105   0.050920   +9.7dB   +2.4dB    32.7   1.97e-04  21.7s
   355   0.049989   0.051374   +9.9dB   +2.7dB    33.1   1.94e-04  21.7s
   356   0.050393   0.048472   +9.9dB   +2.4dB    33.5   1.92e-04  21.6s
   357   0.051383   0.046080  +10.2dB   +2.9dB    33.9   1.89e-04  21.7s
   358   0.046980   0.049925   +9.9dB   +2.6dB    34.3   1.87e-04  21.7s
   359   0.048106   0.051005   +9.8dB   +2.8dB    34.7   1.85e-04  21.7s
   360   0.047861   0.051042   +9.8dB   +2.6dB    35.1   1.82e-04  21.6s
   361   0.048755   0.052166   +9.6dB   +2.6dB    35.5   1.80e-04  21.7s
   362   0.049357   0.046278  +10.1dB   +2.8dB    35.9   1.77e-04  21.7s
   363   0.050871   0.053295   +9.6dB   +2.6dB    36.3   1.75e-04  21.6s
   364   0.050051   0.046842  +10.1dB   +2.6dB    36.7   1.73e-04  21.7s
   365   0.050309   0.047750  +10.0dB   +2.7dB    37.2   1.70e-04  21.7s
   366   0.051371   0.053949   +9.5dB   +2.7dB    37.6   1.68e-04  21.7s
   367   0.050716   0.044324  +10.2dB   +3.0dB    38.0   1.65e-04  21.6s
   368   0.051327   0.048497   +9.9dB   +2.7dB    38.5   1.63e-04  21.7s
   369   0.051209   0.047054   +9.9dB   +2.7dB    38.9   1.61e-04  21.7s
   370   0.049918   0.055504   +9.5dB   +2.6dB    39.4   1.59e-04  21.7s
   371   0.049200   0.047539  +10.0dB   +2.8dB    39.8   1.56e-04  21.6s
   372   0.050781   0.051534   +9.8dB   +2.7dB    40.3   1.54e-04  21.7s
   373   0.049489   0.048979  +10.0dB   +2.7dB    40.7   1.52e-04  21.6s
   374   0.051120   0.053004   +9.7dB   +2.6dB    41.2   1.50e-04  21.7s
   375   0.050473   0.049434  +10.0dB   +2.6dB    41.7   1.47e-04  21.6s
   376   0.049937   0.049363   +9.9dB   +2.8dB    42.2   1.45e-04  21.7s
   377   0.051215   0.047644   +9.9dB   +2.8dB    42.7   1.43e-04  21.7s
   378   0.048323   0.049860   +9.9dB   +2.8dB    43.2   1.41e-04  21.6s
   379   0.051369   0.052118   +9.7dB   +2.6dB    43.7   1.39e-04  21.7s
   380   0.050222   0.047954   +9.9dB   +2.6dB    44.2   1.36e-04  21.6s
   381   0.049729   0.050654   +9.9dB   +2.6dB    44.7   1.34e-04  21.7s
   382   0.049512   0.052160   +9.8dB   +2.5dB    45.2   1.32e-04  21.6s
   383   0.049635   0.045945  +10.0dB   +2.8dB    45.7   1.30e-04  21.7s
   384   0.050574   0.049456  +10.0dB   +2.7dB    46.2   1.28e-04  21.6s
   385   0.049305   0.050816   +9.9dB   +2.9dB    46.8   1.26e-04  21.7s
   386   0.049501   0.046796  +10.0dB   +2.9dB    47.3   1.24e-04  21.7s
   387   0.048447   0.051287   +9.8dB   +2.5dB    47.9   1.22e-04  21.6s
   388   0.050714   0.049215   +9.9dB   +2.7dB    48.4   1.20e-04  21.7s
   389   0.049929   0.050118   +9.7dB   +2.7dB    49.0   1.18e-04  21.7s
   390   0.047823   0.048172   +9.9dB   +2.7dB    49.5   1.16e-04  21.6s
   391   0.048455   0.049579   +9.7dB   +2.6dB    50.1   1.14e-04  21.6s
   392   0.048645   0.050023   +9.9dB   +2.6dB    50.7   1.12e-04  21.7s
   393   0.048710   0.047600   +9.9dB   +2.7dB    51.3   1.10e-04  21.7s
   394   0.049473   0.051174   +9.9dB   +2.8dB    51.9   1.08e-04  21.7s
   395   0.048636   0.051438   +9.8dB   +2.6dB    52.5   1.06e-04  21.6s
   396   0.052426   0.049689   +9.8dB   +2.7dB    53.1   1.04e-04  21.7s
   397   0.049179   0.045920  +10.1dB   +2.6dB    53.7   1.02e-04  21.7s
   398   0.049315   0.047379  +10.1dB   +3.0dB    54.3   1.00e-04  21.6s
   399   0.048747   0.047890  +10.0dB   +2.8dB    55.0   9.82e-05  21.7s
   400   0.051015   0.050954   +9.8dB   +2.5dB    55.6   9.64e-05  21.7s
   401   0.049458   0.049928   +9.8dB   +2.4dB    56.2   9.46e-05  21.7s
   402   0.048829   0.048891   +9.9dB   +2.6dB    56.9   9.27e-05  21.6s
   403   0.049391   0.044604  +10.2dB   +2.8dB    57.5   9.09e-05  21.6s
   404   0.047649   0.055911   +9.6dB   +2.5dB    58.2   8.91e-05  21.7s
   405   0.049715   0.046934  +10.1dB   +2.6dB    58.9   8.74e-05  21.7s
   406   0.049540   0.047349  +10.1dB   +2.6dB    59.6   8.56e-05  21.6s
   407   0.049189   0.052878   +9.6dB   +2.5dB    60.3   8.39e-05  21.7s
   408   0.051174   0.048899   +9.9dB   +2.5dB    61.0   8.22e-05  21.7s
   409   0.049470   0.052933   +9.6dB   +2.5dB    61.7   8.04e-05  21.7s
   410   0.048509   0.047567  +10.0dB   +2.8dB    62.4   7.88e-05  21.6s
   411   0.049525   0.047023  +10.0dB   +2.8dB    63.1   7.71e-05  21.7s
   412   0.047365   0.052985   +9.6dB   +2.6dB    63.8   7.54e-05  21.7s
   413   0.049474   0.051785   +9.7dB   +2.5dB    64.6   7.38e-05  21.6s
   414   0.048713   0.050369   +9.8dB   +2.8dB    65.3   7.22e-05  21.7s
   415   0.049636   0.051962   +9.9dB   +2.8dB    66.1   7.06e-05  21.7s
   416   0.048318   0.048895  +10.0dB   +2.7dB    66.8   6.90e-05  21.7s
   417   0.048117   0.052873   +9.8dB   +2.6dB    67.6   6.74e-05  21.6s
   418   0.050051   0.052521   +9.8dB   +2.6dB    68.4   6.58e-05  21.7s
   419   0.050195   0.046804  +10.1dB   +2.7dB    69.2   6.43e-05  21.7s
   420   0.051475   0.048179  +10.0dB   +2.7dB    70.0   6.28e-05  21.6s
   421   0.050212   0.049361   +9.8dB   +2.8dB    70.8   6.13e-05  21.6s
   422   0.051734   0.051272   +9.7dB   +2.6dB    71.6   5.98e-05  21.7s
   423   0.049816   0.051990   +9.7dB   +2.5dB    72.4   5.83e-05  21.7s
   424   0.050588   0.046801   +9.9dB   +2.5dB    73.3   5.69e-05  21.7s
   425   0.051955   0.052398   +9.7dB   +2.7dB    74.1   5.54e-05  21.6s
   426   0.051195   0.052490   +9.7dB   +2.6dB    75.0   5.40e-05  21.7s
   427   0.050168   0.048175   +9.9dB   +2.6dB    75.9   5.26e-05  21.7s
   428   0.048433   0.050458   +9.9dB   +2.6dB    76.7   5.12e-05  21.7s
   429   0.049276   0.051690   +9.8dB   +2.4dB    77.6   4.99e-05  21.6s
   430   0.051346   0.046361  +10.1dB   +2.7dB    78.5   4.85e-05  21.7s
   431   0.049914   0.047584  +10.0dB   +2.7dB    79.4   4.72e-05  21.7s
   432   0.049827   0.051390   +9.8dB   +2.6dB    80.4   4.59e-05  21.6s
   433   0.048646   0.051885   +9.8dB   +2.8dB    81.3   4.46e-05  21.7s
   434   0.048945   0.045630  +10.1dB   +2.9dB    82.2   4.33e-05  21.7s
   435   0.049683   0.048613   +9.9dB   +2.7dB    83.2   4.21e-05  21.7s
   436   0.050241   0.048555  +10.0dB   +2.8dB    84.1   4.08e-05  21.6s
   437   0.053153   0.053180   +9.6dB   +2.3dB    85.1   3.96e-05  21.7s
   438   0.050595   0.051704   +9.7dB   +2.6dB    86.1   3.84e-05  21.6s
   439   0.049022   0.047451  +10.1dB   +2.7dB    87.1   3.72e-05  21.7s
   440   0.050540   0.053880   +9.6dB   +2.4dB    88.1   3.61e-05  21.6s
   441   0.048924   0.045945  +10.1dB   +2.8dB    89.1   3.49e-05  21.7s
   442   0.048253   0.050566   +9.7dB   +2.5dB    90.2   3.38e-05  21.6s
   443   0.047856   0.048337  +10.0dB   +2.7dB    91.2   3.27e-05  21.7s
   444   0.048568   0.047901   +9.9dB   +2.8dB    92.3   3.16e-05  21.6s
   445   0.047255   0.049173   +9.9dB   +2.6dB    93.3   3.05e-05  21.7s
   446   0.045666   0.053716   +9.5dB   +2.4dB    94.4   2.95e-05  21.7s
   447   0.049798   0.051623   +9.8dB   +2.7dB    95.5   2.84e-05  21.7s
   448   0.048153   0.045995  +10.1dB   +2.9dB    96.6   2.74e-05  21.6s
   449   0.049885   0.050837   +9.8dB   +2.6dB    97.7   2.64e-05  21.7s
   450   0.048736   0.045115  +10.2dB   +2.8dB    98.9   2.54e-05  21.7s
   451   0.051144   0.048884  +10.0dB   +2.9dB   100.0   2.45e-05  21.6s
   452   0.051952   0.052046   +9.7dB   +2.7dB   100.0   2.35e-05  21.6s
   453   0.048380   0.051031   +9.8dB   +2.4dB   100.0   2.26e-05  21.7s
   454   0.051964   0.049878   +9.8dB   +2.7dB   100.0   2.17e-05  21.7s
   455   0.050183   0.049480   +9.9dB   +2.7dB   100.0   2.08e-05  21.6s
   456   0.051009   0.053574   +9.6dB   +2.6dB   100.0   2.00e-05  21.6s
   457   0.047241   0.048383   +9.9dB   +2.7dB   100.0   1.91e-05  21.7s
   458   0.047681   0.048112  +10.1dB   +2.7dB   100.0   1.83e-05  21.7s
   459   0.048253   0.045262  +10.2dB   +2.9dB   100.0   1.75e-05  21.7s
   460   0.049741   0.048210   +9.9dB   +2.7dB   100.0   1.67e-05  21.6s
   461   0.048355   0.048246  +10.0dB   +3.0dB   100.0   1.59e-05  21.7s
   462   0.050491   0.051220   +9.7dB   +2.7dB   100.0   1.52e-05  21.6s
   463   0.049980   0.049883   +9.9dB   +2.7dB   100.0   1.44e-05  21.7s
   464   0.050152   0.049391  +10.0dB   +2.7dB   100.0   1.37e-05  21.6s
   465   0.048648   0.053834   +9.6dB   +2.6dB   100.0   1.30e-05  21.7s
   466   0.048743   0.049985   +9.9dB   +2.7dB   100.0   1.24e-05  21.6s
   467   0.049797   0.050961   +9.8dB   +2.6dB   100.0   1.17e-05  21.7s
   468   0.049522   0.048440  +10.0dB   +2.6dB   100.0   1.11e-05  21.6s
   469   0.049951   0.050852   +9.8dB   +2.6dB   100.0   1.04e-05  21.7s
   470   0.047918   0.045064  +10.3dB   +2.8dB   100.0   9.85e-06  21.6s
   471   0.050114   0.048248  +10.0dB   +2.8dB   100.0   9.27e-06  21.6s
   472   0.049501   0.052952   +9.6dB   +2.7dB   100.0   8.71e-06  21.6s
   473   0.048819   0.045190  +10.2dB   +2.8dB   100.0   8.17e-06  21.7s
   474   0.048850   0.045725  +10.3dB   +2.9dB   100.0   7.65e-06  21.6s
   475   0.048753   0.049563   +9.9dB   +2.7dB   100.0   7.15e-06  21.7s
   476   0.048205   0.049695   +9.9dB   +2.8dB   100.0   6.67e-06  21.7s
   477   0.050330   0.047599  +10.0dB   +2.5dB   100.0   6.21e-06  21.7s
   478   0.047263   0.047711  +10.0dB   +2.6dB   100.0   5.76e-06  21.7s
   479   0.048765   0.047184  +10.0dB   +2.6dB   100.0   5.34e-06  21.6s
   480   0.049529   0.047010  +10.1dB   +2.7dB   100.0   4.94e-06  21.7s
   481   0.050155   0.051320   +9.9dB   +2.7dB   100.0   4.56e-06  21.7s
   482   0.049798   0.046590  +10.1dB   +2.8dB   100.0   4.19e-06  21.7s
   483   0.047803   0.051896   +9.7dB   +2.7dB   100.0   3.85e-06  21.6s
   484   0.050474   0.046713  +10.1dB   +2.7dB   100.0   3.52e-06  21.7s
   485   0.047764   0.047913  +10.0dB   +2.8dB   100.0   3.22e-06  21.7s
   486   0.049206   0.047755   +9.9dB   +2.6dB   100.0   2.93e-06  21.7s
   487   0.049247   0.053504   +9.6dB   +2.3dB   100.0   2.67e-06  21.6s
   488   0.050114   0.050479   +9.8dB   +2.5dB   100.0   2.42e-06  21.7s
   489   0.050064   0.048866   +9.8dB   +2.6dB   100.0   2.19e-06  21.7s
   490   0.049899   0.047984  +10.0dB   +2.6dB   100.0   1.99e-06  21.6s
   491   0.048592   0.044952  +10.2dB   +2.8dB   100.0   1.80e-06  21.7s
   492   0.051343   0.051944   +9.9dB   +2.6dB   100.0   1.63e-06  21.7s
   493   0.048400   0.048046  +10.1dB   +2.7dB   100.0   1.48e-06  21.7s
   494   0.050056   0.049927   +9.9dB   +2.7dB   100.0   1.35e-06  21.6s
   495   0.049667   0.048888   +9.9dB   +2.7dB   100.0   1.25e-06  21.7s
   496   0.050510   0.050751   +9.8dB   +2.6dB   100.0   1.16e-06  21.7s
   497   0.049332   0.048872  +10.0dB   +2.7dB   100.0   1.09e-06  21.7s
   498   0.049169   0.053444   +9.6dB   +2.4dB   100.0   1.04e-06  21.6s
   499   0.048459   0.048387   +9.9dB   +2.7dB   100.0   1.01e-06  21.7s
   500   0.049203   0.047818  +10.1dB   +2.7dB   100.0   1.00e-06  21.7s
